Copyright 1986-2022 Xilinx, Inc. All Rights Reserved.
-----------------------------------------------------------------------------------------------------------------------------------------------------
| Tool Version : Vivado v.2022.1 (win64) Build 3526262 Mon Apr 18 15:48:16 MDT 2022
| Date         : Sat Aug 12 15:50:27 2023
| Host         : PCPHESE71 running 64-bit major release  (build 9200)
| Command      : report_methodology -file m_top_methodology_drc_routed.rpt -pb m_top_methodology_drc_routed.pb -rpx m_top_methodology_drc_routed.rpx
| Design       : m_top
| Device       : xczu9eg-ffvb1156-2-e
| Speed File   : -2
| Design State : Fully Routed
-----------------------------------------------------------------------------------------------------------------------------------------------------

Report Methodology

Table of Contents
-----------------
1. REPORT SUMMARY
2. REPORT DETAILS

1. REPORT SUMMARY
-----------------
            Netlist: netlist
          Floorplan: design_1
      Design limits: <entire design considered>
             Max violations: <unlimited>
             Violations found: 41
+-----------+----------+--------------------------------------------+------------+
| Rule      | Severity | Description                                | Violations |
+-----------+----------+--------------------------------------------+------------+
| HPDR-2    | Warning  | Port pin INOUT inconsistency               | 1          |
| LUTAR-1   | Warning  | LUT drives async reset alert               | 13         |
| TIMING-9  | Warning  | Unknown CDC Logic                          | 1          |
| TIMING-10 | Warning  | Missing property on synchronizer           | 1          |
| TIMING-18 | Warning  | Missing input or output delay              | 6          |
| TIMING-24 | Warning  | Overridden Max delay datapath only         | 12         |
| XDCH-2    | Warning  | Same min and max delay values on IO port   | 5          |
| CLKC-56   | Advisory | MMCME4 with global clock driver has no LOC | 1          |
| RTGT-1    | Advisory | RAM retargeting possibility                | 1          |
+-----------+----------+--------------------------------------------+------------+

2. REPORT DETAILS
-----------------
HPDR-2#1 Warning
Port pin INOUT inconsistency  
Hierarchical port(pin) rxusrclk40/data_out direction INOUT is not consistent with the directions of the cell pins/ports found at that level of the netlist hierarchy. Please review the design and consider changing the port(pin) direction. Both drivers and loads were expected for the net (recclk40) connected to this hierarchical pin/port, but both were not found.
Related violations: <none>

LUTAR-1#1 Warning
LUT drives async reset alert  
LUT cell AXI_inst/system_ctrl_inst/udp_bridge_control/mac_pcs_pma_i/MAC_i_1, with 2 or more inputs, drives asynchronous preset/clear pin(s) AXI_inst/system_ctrl_inst/udp_bridge_control/mac_pcs_pma_i/MAC/U0/MAC_core/sync_glbl_rstn_rx_clk/async_rst0_reg/CLR,
AXI_inst/system_ctrl_inst/udp_bridge_control/mac_pcs_pma_i/MAC/U0/MAC_core/sync_glbl_rstn_rx_clk/async_rst1_reg/CLR,
AXI_inst/system_ctrl_inst/udp_bridge_control/mac_pcs_pma_i/MAC/U0/MAC_core/sync_glbl_rstn_rx_clk/async_rst2_reg/CLR,
AXI_inst/system_ctrl_inst/udp_bridge_control/mac_pcs_pma_i/MAC/U0/MAC_core/sync_glbl_rstn_rx_clk/async_rst3_reg/CLR,
AXI_inst/system_ctrl_inst/udp_bridge_control/mac_pcs_pma_i/MAC/U0/MAC_core/sync_glbl_rstn_rx_clk/async_rst4_reg/CLR,
AXI_inst/system_ctrl_inst/udp_bridge_control/mac_pcs_pma_i/MAC/U0/MAC_core/sync_glbl_rstn_tx_clk/async_rst0_reg/CLR,
AXI_inst/system_ctrl_inst/udp_bridge_control/mac_pcs_pma_i/MAC/U0/MAC_core/sync_glbl_rstn_tx_clk/async_rst1_reg/CLR,
AXI_inst/system_ctrl_inst/udp_bridge_control/mac_pcs_pma_i/MAC/U0/MAC_core/sync_glbl_rstn_tx_clk/async_rst2_reg/CLR,
AXI_inst/system_ctrl_inst/udp_bridge_control/mac_pcs_pma_i/MAC/U0/MAC_core/sync_glbl_rstn_tx_clk/async_rst3_reg/CLR,
AXI_inst/system_ctrl_inst/udp_bridge_control/mac_pcs_pma_i/MAC/U0/MAC_core/sync_glbl_rstn_tx_clk/async_rst4_reg/CLR,
AXI_inst/system_ctrl_inst/udp_bridge_control/mac_pcs_pma_i/MAC/U0/MAC_core/sync_tx_axi_rstn_tx_clk/async_rst0_reg/CLR,
AXI_inst/system_ctrl_inst/udp_bridge_control/mac_pcs_pma_i/MAC/U0/MAC_core/sync_tx_axi_rstn_tx_clk/async_rst1_reg/CLR,
AXI_inst/system_ctrl_inst/udp_bridge_control/mac_pcs_pma_i/MAC/U0/MAC_core/sync_tx_axi_rstn_tx_clk/async_rst2_reg/CLR,
AXI_inst/system_ctrl_inst/udp_bridge_control/mac_pcs_pma_i/MAC/U0/MAC_core/sync_tx_axi_rstn_tx_clk/async_rst3_reg/CLR,
AXI_inst/system_ctrl_inst/udp_bridge_control/mac_pcs_pma_i/MAC/U0/MAC_core/sync_tx_axi_rstn_tx_clk/async_rst4_reg/CLR
 (the first 15 of 20 listed). The LUT may glitch and trigger an unexpected reset, even if it is a properly timed path.
Related violations: <none>

LUTAR-1#2 Warning
LUT drives async reset alert  
LUT cell AXI_inst/system_ctrl_inst/udp_bridge_control/mac_pcs_pma_i/PCS_PMA_i/U0/pcs_pma_block_i/transceiver_inst/PCS_PMA_gt_i/inst/gen_gtwizard_gthe4_top.PCS_PMA_gt_gtwizard_gthe4_inst/gen_gtwizard_gthe4.gen_reset_controller_internal.gen_single_instance.gtwiz_reset_inst/reset_synchronizer_gtwiz_reset_rx_any_inst/rst_in_meta_i_1, with 2 or more inputs, drives asynchronous preset/clear pin(s) AXI_inst/system_ctrl_inst/udp_bridge_control/mac_pcs_pma_i/PCS_PMA_i/U0/pcs_pma_block_i/transceiver_inst/PCS_PMA_gt_i/inst/gen_gtwizard_gthe4_top.PCS_PMA_gt_gtwizard_gthe4_inst/gen_gtwizard_gthe4.gen_reset_controller_internal.gen_single_instance.gtwiz_reset_inst/reset_synchronizer_gtwiz_reset_rx_any_inst/rst_in_meta_reg/PRE,
AXI_inst/system_ctrl_inst/udp_bridge_control/mac_pcs_pma_i/PCS_PMA_i/U0/pcs_pma_block_i/transceiver_inst/PCS_PMA_gt_i/inst/gen_gtwizard_gthe4_top.PCS_PMA_gt_gtwizard_gthe4_inst/gen_gtwizard_gthe4.gen_reset_controller_internal.gen_single_instance.gtwiz_reset_inst/reset_synchronizer_gtwiz_reset_rx_any_inst/rst_in_out_reg/PRE,
AXI_inst/system_ctrl_inst/udp_bridge_control/mac_pcs_pma_i/PCS_PMA_i/U0/pcs_pma_block_i/transceiver_inst/PCS_PMA_gt_i/inst/gen_gtwizard_gthe4_top.PCS_PMA_gt_gtwizard_gthe4_inst/gen_gtwizard_gthe4.gen_reset_controller_internal.gen_single_instance.gtwiz_reset_inst/reset_synchronizer_gtwiz_reset_rx_any_inst/rst_in_sync1_reg/PRE,
AXI_inst/system_ctrl_inst/udp_bridge_control/mac_pcs_pma_i/PCS_PMA_i/U0/pcs_pma_block_i/transceiver_inst/PCS_PMA_gt_i/inst/gen_gtwizard_gthe4_top.PCS_PMA_gt_gtwizard_gthe4_inst/gen_gtwizard_gthe4.gen_reset_controller_internal.gen_single_instance.gtwiz_reset_inst/reset_synchronizer_gtwiz_reset_rx_any_inst/rst_in_sync2_reg/PRE
AXI_inst/system_ctrl_inst/udp_bridge_control/mac_pcs_pma_i/PCS_PMA_i/U0/pcs_pma_block_i/transceiver_inst/PCS_PMA_gt_i/inst/gen_gtwizard_gthe4_top.PCS_PMA_gt_gtwizard_gthe4_inst/gen_gtwizard_gthe4.gen_reset_controller_internal.gen_single_instance.gtwiz_reset_inst/reset_synchronizer_gtwiz_reset_rx_any_inst/rst_in_sync3_reg/PRE. The LUT may glitch and trigger an unexpected reset, even if it is a properly timed path.
Related violations: <none>

LUTAR-1#3 Warning
LUT drives async reset alert  
LUT cell AXI_inst/system_ctrl_inst/udp_bridge_control/mac_pcs_pma_i/PCS_PMA_i/U0/pcs_pma_block_i/transceiver_inst/PCS_PMA_gt_i/inst/gen_gtwizard_gthe4_top.PCS_PMA_gt_gtwizard_gthe4_inst/gen_gtwizard_gthe4.gen_reset_controller_internal.gen_single_instance.gtwiz_reset_inst/reset_synchronizer_gtwiz_reset_rx_datapath_inst/rst_in_meta_i_1__0, with 2 or more inputs, drives asynchronous preset/clear pin(s) AXI_inst/system_ctrl_inst/udp_bridge_control/mac_pcs_pma_i/PCS_PMA_i/U0/pcs_pma_block_i/transceiver_inst/PCS_PMA_gt_i/inst/gen_gtwizard_gthe4_top.PCS_PMA_gt_gtwizard_gthe4_inst/gen_gtwizard_gthe4.gen_reset_controller_internal.gen_single_instance.gtwiz_reset_inst/reset_synchronizer_gtwiz_reset_rx_datapath_inst/rst_in_meta_reg/PRE,
AXI_inst/system_ctrl_inst/udp_bridge_control/mac_pcs_pma_i/PCS_PMA_i/U0/pcs_pma_block_i/transceiver_inst/PCS_PMA_gt_i/inst/gen_gtwizard_gthe4_top.PCS_PMA_gt_gtwizard_gthe4_inst/gen_gtwizard_gthe4.gen_reset_controller_internal.gen_single_instance.gtwiz_reset_inst/reset_synchronizer_gtwiz_reset_rx_datapath_inst/rst_in_out_reg/PRE,
AXI_inst/system_ctrl_inst/udp_bridge_control/mac_pcs_pma_i/PCS_PMA_i/U0/pcs_pma_block_i/transceiver_inst/PCS_PMA_gt_i/inst/gen_gtwizard_gthe4_top.PCS_PMA_gt_gtwizard_gthe4_inst/gen_gtwizard_gthe4.gen_reset_controller_internal.gen_single_instance.gtwiz_reset_inst/reset_synchronizer_gtwiz_reset_rx_datapath_inst/rst_in_sync1_reg/PRE,
AXI_inst/system_ctrl_inst/udp_bridge_control/mac_pcs_pma_i/PCS_PMA_i/U0/pcs_pma_block_i/transceiver_inst/PCS_PMA_gt_i/inst/gen_gtwizard_gthe4_top.PCS_PMA_gt_gtwizard_gthe4_inst/gen_gtwizard_gthe4.gen_reset_controller_internal.gen_single_instance.gtwiz_reset_inst/reset_synchronizer_gtwiz_reset_rx_datapath_inst/rst_in_sync2_reg/PRE
AXI_inst/system_ctrl_inst/udp_bridge_control/mac_pcs_pma_i/PCS_PMA_i/U0/pcs_pma_block_i/transceiver_inst/PCS_PMA_gt_i/inst/gen_gtwizard_gthe4_top.PCS_PMA_gt_gtwizard_gthe4_inst/gen_gtwizard_gthe4.gen_reset_controller_internal.gen_single_instance.gtwiz_reset_inst/reset_synchronizer_gtwiz_reset_rx_datapath_inst/rst_in_sync3_reg/PRE. The LUT may glitch and trigger an unexpected reset, even if it is a properly timed path.
Related violations: <none>

LUTAR-1#4 Warning
LUT drives async reset alert  
LUT cell AXI_inst/system_ctrl_inst/udp_bridge_control/mac_pcs_pma_i/PCS_PMA_i/U0/pcs_pma_block_i/transceiver_inst/PCS_PMA_gt_i/inst/gen_gtwizard_gthe4_top.PCS_PMA_gt_gtwizard_gthe4_inst/gen_gtwizard_gthe4.gen_reset_controller_internal.gen_single_instance.gtwiz_reset_inst/reset_synchronizer_gtwiz_reset_tx_any_inst/rst_in_meta_i_1__1, with 2 or more inputs, drives asynchronous preset/clear pin(s) AXI_inst/system_ctrl_inst/udp_bridge_control/mac_pcs_pma_i/PCS_PMA_i/U0/pcs_pma_block_i/transceiver_inst/PCS_PMA_gt_i/inst/gen_gtwizard_gthe4_top.PCS_PMA_gt_gtwizard_gthe4_inst/gen_gtwizard_gthe4.gen_reset_controller_internal.gen_single_instance.gtwiz_reset_inst/reset_synchronizer_gtwiz_reset_tx_any_inst/rst_in_meta_reg/PRE,
AXI_inst/system_ctrl_inst/udp_bridge_control/mac_pcs_pma_i/PCS_PMA_i/U0/pcs_pma_block_i/transceiver_inst/PCS_PMA_gt_i/inst/gen_gtwizard_gthe4_top.PCS_PMA_gt_gtwizard_gthe4_inst/gen_gtwizard_gthe4.gen_reset_controller_internal.gen_single_instance.gtwiz_reset_inst/reset_synchronizer_gtwiz_reset_tx_any_inst/rst_in_out_reg/PRE,
AXI_inst/system_ctrl_inst/udp_bridge_control/mac_pcs_pma_i/PCS_PMA_i/U0/pcs_pma_block_i/transceiver_inst/PCS_PMA_gt_i/inst/gen_gtwizard_gthe4_top.PCS_PMA_gt_gtwizard_gthe4_inst/gen_gtwizard_gthe4.gen_reset_controller_internal.gen_single_instance.gtwiz_reset_inst/reset_synchronizer_gtwiz_reset_tx_any_inst/rst_in_sync1_reg/PRE,
AXI_inst/system_ctrl_inst/udp_bridge_control/mac_pcs_pma_i/PCS_PMA_i/U0/pcs_pma_block_i/transceiver_inst/PCS_PMA_gt_i/inst/gen_gtwizard_gthe4_top.PCS_PMA_gt_gtwizard_gthe4_inst/gen_gtwizard_gthe4.gen_reset_controller_internal.gen_single_instance.gtwiz_reset_inst/reset_synchronizer_gtwiz_reset_tx_any_inst/rst_in_sync2_reg/PRE
AXI_inst/system_ctrl_inst/udp_bridge_control/mac_pcs_pma_i/PCS_PMA_i/U0/pcs_pma_block_i/transceiver_inst/PCS_PMA_gt_i/inst/gen_gtwizard_gthe4_top.PCS_PMA_gt_gtwizard_gthe4_inst/gen_gtwizard_gthe4.gen_reset_controller_internal.gen_single_instance.gtwiz_reset_inst/reset_synchronizer_gtwiz_reset_tx_any_inst/rst_in_sync3_reg/PRE. The LUT may glitch and trigger an unexpected reset, even if it is a properly timed path.
Related violations: <none>

LUTAR-1#5 Warning
LUT drives async reset alert  
LUT cell AXI_inst/system_ctrl_inst/udp_bridge_control/mac_pcs_pma_i/PCS_PMA_i/U0/pcs_pma_block_i/transceiver_inst/PCS_PMA_gt_i/inst/gen_gtwizard_gthe4_top.PCS_PMA_gt_gtwizard_gthe4_inst/gen_gtwizard_gthe4.gen_reset_controller_internal.gen_single_instance.gtwiz_reset_inst/rst_in_meta_i_1__2, with 2 or more inputs, drives asynchronous preset/clear pin(s) AXI_inst/system_ctrl_inst/udp_bridge_control/mac_pcs_pma_i/PCS_PMA_i/U0/pcs_pma_block_i/transceiver_inst/PCS_PMA_gt_i/inst/gen_gtwizard_gthe4_top.PCS_PMA_gt_gtwizard_gthe4_inst/gen_gtwizard_gthe4.gen_cpll_cal_gthe4.gen_cpll_cal_inst[0].gen_inst_cpll_cal.gtwizard_ultrascale_v1_7_13_gthe4_cpll_cal_inst/reset_synchronizer_resetin_tx_inst/rst_in_meta_reg/PRE,
AXI_inst/system_ctrl_inst/udp_bridge_control/mac_pcs_pma_i/PCS_PMA_i/U0/pcs_pma_block_i/transceiver_inst/PCS_PMA_gt_i/inst/gen_gtwizard_gthe4_top.PCS_PMA_gt_gtwizard_gthe4_inst/gen_gtwizard_gthe4.gen_cpll_cal_gthe4.gen_cpll_cal_inst[0].gen_inst_cpll_cal.gtwizard_ultrascale_v1_7_13_gthe4_cpll_cal_inst/reset_synchronizer_resetin_tx_inst/rst_in_out_reg/PRE,
AXI_inst/system_ctrl_inst/udp_bridge_control/mac_pcs_pma_i/PCS_PMA_i/U0/pcs_pma_block_i/transceiver_inst/PCS_PMA_gt_i/inst/gen_gtwizard_gthe4_top.PCS_PMA_gt_gtwizard_gthe4_inst/gen_gtwizard_gthe4.gen_cpll_cal_gthe4.gen_cpll_cal_inst[0].gen_inst_cpll_cal.gtwizard_ultrascale_v1_7_13_gthe4_cpll_cal_inst/reset_synchronizer_resetin_tx_inst/rst_in_sync1_reg/PRE,
AXI_inst/system_ctrl_inst/udp_bridge_control/mac_pcs_pma_i/PCS_PMA_i/U0/pcs_pma_block_i/transceiver_inst/PCS_PMA_gt_i/inst/gen_gtwizard_gthe4_top.PCS_PMA_gt_gtwizard_gthe4_inst/gen_gtwizard_gthe4.gen_cpll_cal_gthe4.gen_cpll_cal_inst[0].gen_inst_cpll_cal.gtwizard_ultrascale_v1_7_13_gthe4_cpll_cal_inst/reset_synchronizer_resetin_tx_inst/rst_in_sync2_reg/PRE
AXI_inst/system_ctrl_inst/udp_bridge_control/mac_pcs_pma_i/PCS_PMA_i/U0/pcs_pma_block_i/transceiver_inst/PCS_PMA_gt_i/inst/gen_gtwizard_gthe4_top.PCS_PMA_gt_gtwizard_gthe4_inst/gen_gtwizard_gthe4.gen_cpll_cal_gthe4.gen_cpll_cal_inst[0].gen_inst_cpll_cal.gtwizard_ultrascale_v1_7_13_gthe4_cpll_cal_inst/reset_synchronizer_resetin_tx_inst/rst_in_sync3_reg/PRE. The LUT may glitch and trigger an unexpected reset, even if it is a properly timed path.
Related violations: <none>

LUTAR-1#6 Warning
LUT drives async reset alert  
LUT cell AXI_inst/system_ctrl_inst/udp_bridge_control/mac_pcs_pma_i/PCS_PMA_i/U0/pcs_pma_block_i/transceiver_inst/PCS_PMA_gt_i_i_1, with 2 or more inputs, drives asynchronous preset/clear pin(s) AXI_inst/system_ctrl_inst/udp_bridge_control/mac_pcs_pma_i/PCS_PMA_i/U0/pcs_pma_block_i/transceiver_inst/PCS_PMA_gt_i/inst/gen_gtwizard_gthe4_top.PCS_PMA_gt_gtwizard_gthe4_inst/gen_gtwizard_gthe4.gen_reset_controller_internal.gen_single_instance.gtwiz_reset_inst/reset_synchronizer_gtwiz_reset_tx_datapath_inst/rst_in_meta_reg/PRE,
AXI_inst/system_ctrl_inst/udp_bridge_control/mac_pcs_pma_i/PCS_PMA_i/U0/pcs_pma_block_i/transceiver_inst/PCS_PMA_gt_i/inst/gen_gtwizard_gthe4_top.PCS_PMA_gt_gtwizard_gthe4_inst/gen_gtwizard_gthe4.gen_reset_controller_internal.gen_single_instance.gtwiz_reset_inst/reset_synchronizer_gtwiz_reset_tx_datapath_inst/rst_in_out_reg/PRE,
AXI_inst/system_ctrl_inst/udp_bridge_control/mac_pcs_pma_i/PCS_PMA_i/U0/pcs_pma_block_i/transceiver_inst/PCS_PMA_gt_i/inst/gen_gtwizard_gthe4_top.PCS_PMA_gt_gtwizard_gthe4_inst/gen_gtwizard_gthe4.gen_reset_controller_internal.gen_single_instance.gtwiz_reset_inst/reset_synchronizer_gtwiz_reset_tx_datapath_inst/rst_in_sync1_reg/PRE,
AXI_inst/system_ctrl_inst/udp_bridge_control/mac_pcs_pma_i/PCS_PMA_i/U0/pcs_pma_block_i/transceiver_inst/PCS_PMA_gt_i/inst/gen_gtwizard_gthe4_top.PCS_PMA_gt_gtwizard_gthe4_inst/gen_gtwizard_gthe4.gen_reset_controller_internal.gen_single_instance.gtwiz_reset_inst/reset_synchronizer_gtwiz_reset_tx_datapath_inst/rst_in_sync2_reg/PRE
AXI_inst/system_ctrl_inst/udp_bridge_control/mac_pcs_pma_i/PCS_PMA_i/U0/pcs_pma_block_i/transceiver_inst/PCS_PMA_gt_i/inst/gen_gtwizard_gthe4_top.PCS_PMA_gt_gtwizard_gthe4_inst/gen_gtwizard_gthe4.gen_reset_controller_internal.gen_single_instance.gtwiz_reset_inst/reset_synchronizer_gtwiz_reset_tx_datapath_inst/rst_in_sync3_reg/PRE. The LUT may glitch and trigger an unexpected reset, even if it is a properly timed path.
Related violations: <none>

LUTAR-1#7 Warning
LUT drives async reset alert  
LUT cell dbg_hub/inst/BSCANID.u_xsdbm_id/CORE_XSDB.UUT_MASTER/U_ICON_INTERFACE/U_CMD6_RD/U_RD_FIFO/SUBCORE_FIFO.xsdbm_v3_0_0_rdfifo_inst/inst_fifo_gen/gconvfifo.rf/grf.rf/rstblk/ngwrdrst.grst.g7serrst.gwrrd_rst_sync_stage[2].rrst_inst/ngwrdrst.grst.g7serrst.rd_rst_reg[2]_i_1, with 2 or more inputs, drives asynchronous preset/clear pin(s) dbg_hub/inst/BSCANID.u_xsdbm_id/CORE_XSDB.UUT_MASTER/U_ICON_INTERFACE/U_CMD6_RD/U_RD_FIFO/SUBCORE_FIFO.xsdbm_v3_0_0_rdfifo_inst/inst_fifo_gen/gconvfifo.rf/grf.rf/rstblk/ngwrdrst.grst.g7serrst.rd_rst_reg_reg[0]/PRE,
dbg_hub/inst/BSCANID.u_xsdbm_id/CORE_XSDB.UUT_MASTER/U_ICON_INTERFACE/U_CMD6_RD/U_RD_FIFO/SUBCORE_FIFO.xsdbm_v3_0_0_rdfifo_inst/inst_fifo_gen/gconvfifo.rf/grf.rf/rstblk/ngwrdrst.grst.g7serrst.rd_rst_reg_reg[1]/PRE
dbg_hub/inst/BSCANID.u_xsdbm_id/CORE_XSDB.UUT_MASTER/U_ICON_INTERFACE/U_CMD6_RD/U_RD_FIFO/SUBCORE_FIFO.xsdbm_v3_0_0_rdfifo_inst/inst_fifo_gen/gconvfifo.rf/grf.rf/rstblk/ngwrdrst.grst.g7serrst.rd_rst_reg_reg[2]/PRE. The LUT may glitch and trigger an unexpected reset, even if it is a properly timed path.
Related violations: <none>

LUTAR-1#8 Warning
LUT drives async reset alert  
LUT cell dbg_hub/inst/BSCANID.u_xsdbm_id/CORE_XSDB.UUT_MASTER/U_ICON_INTERFACE/U_CMD6_RD/U_RD_FIFO/SUBCORE_FIFO.xsdbm_v3_0_0_rdfifo_inst/inst_fifo_gen/gconvfifo.rf/grf.rf/rstblk/ngwrdrst.grst.g7serrst.gwrrd_rst_sync_stage[2].wrst_inst/ngwrdrst.grst.g7serrst.wr_rst_reg[2]_i_1, with 2 or more inputs, drives asynchronous preset/clear pin(s) dbg_hub/inst/BSCANID.u_xsdbm_id/CORE_XSDB.UUT_MASTER/U_ICON_INTERFACE/U_CMD6_RD/U_RD_FIFO/SUBCORE_FIFO.xsdbm_v3_0_0_rdfifo_inst/inst_fifo_gen/gconvfifo.rf/grf.rf/rstblk/ngwrdrst.grst.g7serrst.wr_rst_reg_reg[0]/PRE,
dbg_hub/inst/BSCANID.u_xsdbm_id/CORE_XSDB.UUT_MASTER/U_ICON_INTERFACE/U_CMD6_RD/U_RD_FIFO/SUBCORE_FIFO.xsdbm_v3_0_0_rdfifo_inst/inst_fifo_gen/gconvfifo.rf/grf.rf/rstblk/ngwrdrst.grst.g7serrst.wr_rst_reg_reg[1]/PRE
dbg_hub/inst/BSCANID.u_xsdbm_id/CORE_XSDB.UUT_MASTER/U_ICON_INTERFACE/U_CMD6_RD/U_RD_FIFO/SUBCORE_FIFO.xsdbm_v3_0_0_rdfifo_inst/inst_fifo_gen/gconvfifo.rf/grf.rf/rstblk/ngwrdrst.grst.g7serrst.wr_rst_reg_reg[2]/PRE. The LUT may glitch and trigger an unexpected reset, even if it is a properly timed path.
Related violations: <none>

LUTAR-1#9 Warning
LUT drives async reset alert  
LUT cell dbg_hub/inst/BSCANID.u_xsdbm_id/CORE_XSDB.UUT_MASTER/U_ICON_INTERFACE/U_CMD6_WR/U_WR_FIFO/SUBCORE_FIFO.xsdbm_v3_0_0_wrfifo_inst/inst_fifo_gen/gconvfifo.rf/grf.rf/rstblk/ngwrdrst.grst.g7serrst.gwrrd_rst_sync_stage[2].rrst_inst/ngwrdrst.grst.g7serrst.rd_rst_reg[2]_i_1, with 2 or more inputs, drives asynchronous preset/clear pin(s) dbg_hub/inst/BSCANID.u_xsdbm_id/CORE_XSDB.UUT_MASTER/U_ICON_INTERFACE/U_CMD6_WR/U_WR_FIFO/SUBCORE_FIFO.xsdbm_v3_0_0_wrfifo_inst/inst_fifo_gen/gconvfifo.rf/grf.rf/rstblk/ngwrdrst.grst.g7serrst.rd_rst_reg_reg[0]/PRE,
dbg_hub/inst/BSCANID.u_xsdbm_id/CORE_XSDB.UUT_MASTER/U_ICON_INTERFACE/U_CMD6_WR/U_WR_FIFO/SUBCORE_FIFO.xsdbm_v3_0_0_wrfifo_inst/inst_fifo_gen/gconvfifo.rf/grf.rf/rstblk/ngwrdrst.grst.g7serrst.rd_rst_reg_reg[1]/PRE
dbg_hub/inst/BSCANID.u_xsdbm_id/CORE_XSDB.UUT_MASTER/U_ICON_INTERFACE/U_CMD6_WR/U_WR_FIFO/SUBCORE_FIFO.xsdbm_v3_0_0_wrfifo_inst/inst_fifo_gen/gconvfifo.rf/grf.rf/rstblk/ngwrdrst.grst.g7serrst.rd_rst_reg_reg[2]/PRE. The LUT may glitch and trigger an unexpected reset, even if it is a properly timed path.
Related violations: <none>

LUTAR-1#10 Warning
LUT drives async reset alert  
LUT cell dbg_hub/inst/BSCANID.u_xsdbm_id/CORE_XSDB.UUT_MASTER/U_ICON_INTERFACE/U_CMD6_WR/U_WR_FIFO/SUBCORE_FIFO.xsdbm_v3_0_0_wrfifo_inst/inst_fifo_gen/gconvfifo.rf/grf.rf/rstblk/ngwrdrst.grst.g7serrst.gwrrd_rst_sync_stage[2].wrst_inst/ngwrdrst.grst.g7serrst.wr_rst_reg[2]_i_1, with 2 or more inputs, drives asynchronous preset/clear pin(s) dbg_hub/inst/BSCANID.u_xsdbm_id/CORE_XSDB.UUT_MASTER/U_ICON_INTERFACE/U_CMD6_WR/U_WR_FIFO/SUBCORE_FIFO.xsdbm_v3_0_0_wrfifo_inst/inst_fifo_gen/gconvfifo.rf/grf.rf/rstblk/ngwrdrst.grst.g7serrst.wr_rst_reg_reg[0]/PRE,
dbg_hub/inst/BSCANID.u_xsdbm_id/CORE_XSDB.UUT_MASTER/U_ICON_INTERFACE/U_CMD6_WR/U_WR_FIFO/SUBCORE_FIFO.xsdbm_v3_0_0_wrfifo_inst/inst_fifo_gen/gconvfifo.rf/grf.rf/rstblk/ngwrdrst.grst.g7serrst.wr_rst_reg_reg[1]/PRE
dbg_hub/inst/BSCANID.u_xsdbm_id/CORE_XSDB.UUT_MASTER/U_ICON_INTERFACE/U_CMD6_WR/U_WR_FIFO/SUBCORE_FIFO.xsdbm_v3_0_0_wrfifo_inst/inst_fifo_gen/gconvfifo.rf/grf.rf/rstblk/ngwrdrst.grst.g7serrst.wr_rst_reg_reg[2]/PRE. The LUT may glitch and trigger an unexpected reset, even if it is a properly timed path.
Related violations: <none>

LUTAR-1#11 Warning
LUT drives async reset alert  
LUT cell dbg_hub/inst/BSCANID.u_xsdbm_id/SWITCH_N_EXT_BSCAN.bscan_switch/m_bscan_sel[0]_INST_0, with 2 or more inputs, drives asynchronous preset/clear pin(s) dbg_hub/inst/BSCANID.u_xsdbm_id/CORE_XSDB.U_ICON/U_CMD/iTARGET_reg[10]/CLR,
dbg_hub/inst/BSCANID.u_xsdbm_id/CORE_XSDB.U_ICON/U_CMD/iTARGET_reg[11]/CLR,
dbg_hub/inst/BSCANID.u_xsdbm_id/CORE_XSDB.U_ICON/U_CMD/iTARGET_reg[12]/CLR,
dbg_hub/inst/BSCANID.u_xsdbm_id/CORE_XSDB.U_ICON/U_CMD/iTARGET_reg[13]/CLR,
dbg_hub/inst/BSCANID.u_xsdbm_id/CORE_XSDB.U_ICON/U_CMD/iTARGET_reg[14]/CLR,
dbg_hub/inst/BSCANID.u_xsdbm_id/CORE_XSDB.U_ICON/U_CMD/iTARGET_reg[15]/CLR,
dbg_hub/inst/BSCANID.u_xsdbm_id/CORE_XSDB.U_ICON/U_CMD/iTARGET_reg[6]/CLR,
dbg_hub/inst/BSCANID.u_xsdbm_id/CORE_XSDB.U_ICON/U_CMD/iTARGET_reg[7]/CLR,
dbg_hub/inst/BSCANID.u_xsdbm_id/CORE_XSDB.U_ICON/U_CMD/iTARGET_reg[8]/CLR
dbg_hub/inst/BSCANID.u_xsdbm_id/CORE_XSDB.U_ICON/U_CMD/iTARGET_reg[9]/CLR. The LUT may glitch and trigger an unexpected reset, even if it is a properly timed path.
Related violations: <none>

LUTAR-1#12 Warning
LUT drives async reset alert  
LUT cell gt_inst/ch[0].inst/inst/gen_gtwizard_gthe4_top.m_gth_gtwizard_gthe4_inst/gen_gtwizard_gthe4.gen_reset_controller_internal.gen_single_instance.gtwiz_reset_inst/reset_synchronizer_gtwiz_reset_rx_any_inst/rst_in_out_i_1, with 2 or more inputs, drives asynchronous preset/clear pin(s) gt_inst/ch[0].inst/inst/gen_gtwizard_gthe4_top.m_gth_gtwizard_gthe4_inst/gen_gtwizard_gthe4.gen_reset_controller_internal.gen_single_instance.gtwiz_reset_inst/reset_synchronizer_gtwiz_reset_rx_any_inst/rst_in_meta_reg/PRE,
gt_inst/ch[0].inst/inst/gen_gtwizard_gthe4_top.m_gth_gtwizard_gthe4_inst/gen_gtwizard_gthe4.gen_reset_controller_internal.gen_single_instance.gtwiz_reset_inst/reset_synchronizer_gtwiz_reset_rx_any_inst/rst_in_out_reg/PRE,
gt_inst/ch[0].inst/inst/gen_gtwizard_gthe4_top.m_gth_gtwizard_gthe4_inst/gen_gtwizard_gthe4.gen_reset_controller_internal.gen_single_instance.gtwiz_reset_inst/reset_synchronizer_gtwiz_reset_rx_any_inst/rst_in_sync1_reg/PRE,
gt_inst/ch[0].inst/inst/gen_gtwizard_gthe4_top.m_gth_gtwizard_gthe4_inst/gen_gtwizard_gthe4.gen_reset_controller_internal.gen_single_instance.gtwiz_reset_inst/reset_synchronizer_gtwiz_reset_rx_any_inst/rst_in_sync2_reg/PRE
gt_inst/ch[0].inst/inst/gen_gtwizard_gthe4_top.m_gth_gtwizard_gthe4_inst/gen_gtwizard_gthe4.gen_reset_controller_internal.gen_single_instance.gtwiz_reset_inst/reset_synchronizer_gtwiz_reset_rx_any_inst/rst_in_sync3_reg/PRE. The LUT may glitch and trigger an unexpected reset, even if it is a properly timed path.
Related violations: <none>

LUTAR-1#13 Warning
LUT drives async reset alert  
LUT cell gt_inst/ch[0].inst/inst/gen_gtwizard_gthe4_top.m_gth_gtwizard_gthe4_inst/gen_gtwizard_gthe4.gen_reset_controller_internal.gen_single_instance.gtwiz_reset_inst/reset_synchronizer_gtwiz_reset_rx_pll_and_datapath_inst/rst_in_meta_i_1__1, with 2 or more inputs, drives asynchronous preset/clear pin(s) gt_inst/ch[0].inst/inst/gen_gtwizard_gthe4_top.m_gth_gtwizard_gthe4_inst/gen_gtwizard_gthe4.gen_reset_controller_internal.gen_single_instance.gtwiz_reset_inst/reset_synchronizer_gtwiz_reset_rx_pll_and_datapath_inst/rst_in_meta_reg/PRE,
gt_inst/ch[0].inst/inst/gen_gtwizard_gthe4_top.m_gth_gtwizard_gthe4_inst/gen_gtwizard_gthe4.gen_reset_controller_internal.gen_single_instance.gtwiz_reset_inst/reset_synchronizer_gtwiz_reset_rx_pll_and_datapath_inst/rst_in_out_reg/PRE,
gt_inst/ch[0].inst/inst/gen_gtwizard_gthe4_top.m_gth_gtwizard_gthe4_inst/gen_gtwizard_gthe4.gen_reset_controller_internal.gen_single_instance.gtwiz_reset_inst/reset_synchronizer_gtwiz_reset_rx_pll_and_datapath_inst/rst_in_sync1_reg/PRE,
gt_inst/ch[0].inst/inst/gen_gtwizard_gthe4_top.m_gth_gtwizard_gthe4_inst/gen_gtwizard_gthe4.gen_reset_controller_internal.gen_single_instance.gtwiz_reset_inst/reset_synchronizer_gtwiz_reset_rx_pll_and_datapath_inst/rst_in_sync2_reg/PRE
gt_inst/ch[0].inst/inst/gen_gtwizard_gthe4_top.m_gth_gtwizard_gthe4_inst/gen_gtwizard_gthe4.gen_reset_controller_internal.gen_single_instance.gtwiz_reset_inst/reset_synchronizer_gtwiz_reset_rx_pll_and_datapath_inst/rst_in_sync3_reg/PRE. The LUT may glitch and trigger an unexpected reset, even if it is a properly timed path.
Related violations: <none>

TIMING-9#1 Warning
Unknown CDC Logic  
One or more asynchronous Clock Domain Crossing has been detected between 2 clock domains through a set_false_path or a set_clock_groups or set_max_delay -datapath_only constraint but no double-registers logic synchronizer has been found on the side of the capture clock. It is recommended to run report_cdc for a complete and detailed CDC coverage. Please consider using XPM_CDC to avoid Critical severities
Related violations: <none>

TIMING-10#1 Warning
Missing property on synchronizer  
One or more logic synchronizer has been detected between 2 clock domains but the synchronizer does not have the property ASYNC_REG defined on one or both registers. It is recommended to run report_cdc for a complete and detailed CDC coverage
Related violations: <none>

TIMING-18#1 Warning
Missing input or output delay  
An input delay is missing on scl relative to clock(s) clk_125
Related violations: <none>

TIMING-18#2 Warning
Missing input or output delay  
An input delay is missing on sda relative to clock(s) clk_125
Related violations: <none>

TIMING-18#3 Warning
Missing input or output delay  
An input delay is missing on switchPIN_ali_en_asynch relative to clock(s) gt_refclk
Related violations: <none>

TIMING-18#4 Warning
Missing input or output delay  
An output delay is missing on rxUserClk_1 relative to clock(s) gt_refclk
Related violations: <none>

TIMING-18#5 Warning
Missing input or output delay  
An output delay is missing on rxUserClk_n relative to clock(s) gt_refclk
Related violations: <none>

TIMING-18#6 Warning
Missing input or output delay  
An output delay is missing on rxUserClk_p relative to clock(s) gt_refclk
Related violations: <none>

TIMING-24#1 Warning
Overridden Max delay datapath only  
An asynchronous set_clock_groups or a set_false path (see constraint position 283 in the Timing Constraints window in Vivado IDE) between clocks clk_125 and dbg_hub/inst/BSCANID.u_xsdbm_id/SWITCH_N_EXT_BSCAN.bscan_inst/SERIES7_BSCAN.bscan_inst/INTERNAL_TCK overrides a set_max_delay -datapath_only (position 548). It is not recommended to override a set_max_delay -datapath_only constraint. Replace the set_clock_groups or set_false_path between clocks with point-to-point set_false_path constraints
Related violations: <none>

TIMING-24#2 Warning
Overridden Max delay datapath only  
An asynchronous set_clock_groups or a set_false path (see constraint position 283 in the Timing Constraints window in Vivado IDE) between clocks clk_125 and dbg_hub/inst/BSCANID.u_xsdbm_id/SWITCH_N_EXT_BSCAN.bscan_inst/SERIES7_BSCAN.bscan_inst/INTERNAL_TCK overrides a set_max_delay -datapath_only (position 551). It is not recommended to override a set_max_delay -datapath_only constraint. Replace the set_clock_groups or set_false_path between clocks with point-to-point set_false_path constraints
Related violations: <none>

TIMING-24#3 Warning
Overridden Max delay datapath only  
An asynchronous set_clock_groups or a set_false path (see constraint position 283 in the Timing Constraints window in Vivado IDE) between clocks clk_125 and txoutclk_out[0] overrides a set_max_delay -datapath_only (position 393). It is not recommended to override a set_max_delay -datapath_only constraint. Replace the set_clock_groups or set_false_path between clocks with point-to-point set_false_path constraints
Related violations: <none>

TIMING-24#4 Warning
Overridden Max delay datapath only  
An asynchronous set_clock_groups or a set_false path (see constraint position 283 in the Timing Constraints window in Vivado IDE) between clocks clk_125 and txoutclk_out[0] overrides a set_max_delay -datapath_only (position 399). It is not recommended to override a set_max_delay -datapath_only constraint. Replace the set_clock_groups or set_false_path between clocks with point-to-point set_false_path constraints
Related violations: <none>

TIMING-24#5 Warning
Overridden Max delay datapath only  
An asynchronous set_clock_groups or a set_false path (see constraint position 283 in the Timing Constraints window in Vivado IDE) between clocks dbg_hub/inst/BSCANID.u_xsdbm_id/SWITCH_N_EXT_BSCAN.bscan_inst/SERIES7_BSCAN.bscan_inst/INTERNAL_TCK and clk_125 overrides a set_max_delay -datapath_only (position 546). It is not recommended to override a set_max_delay -datapath_only constraint. Replace the set_clock_groups or set_false_path between clocks with point-to-point set_false_path constraints
Related violations: <none>

TIMING-24#6 Warning
Overridden Max delay datapath only  
An asynchronous set_clock_groups or a set_false path (see constraint position 283 in the Timing Constraints window in Vivado IDE) between clocks dbg_hub/inst/BSCANID.u_xsdbm_id/SWITCH_N_EXT_BSCAN.bscan_inst/SERIES7_BSCAN.bscan_inst/INTERNAL_TCK and clk_125 overrides a set_max_delay -datapath_only (position 553). It is not recommended to override a set_max_delay -datapath_only constraint. Replace the set_clock_groups or set_false_path between clocks with point-to-point set_false_path constraints
Related violations: <none>

TIMING-24#7 Warning
Overridden Max delay datapath only  
An asynchronous set_clock_groups or a set_false path (see constraint position 283 in the Timing Constraints window in Vivado IDE) between clocks txoutclk_out[0] and clk_125 overrides a set_max_delay -datapath_only (position 395). It is not recommended to override a set_max_delay -datapath_only constraint. Replace the set_clock_groups or set_false_path between clocks with point-to-point set_false_path constraints
Related violations: <none>

TIMING-24#8 Warning
Overridden Max delay datapath only  
An asynchronous set_clock_groups or a set_false path (see constraint position 283 in the Timing Constraints window in Vivado IDE) between clocks txoutclk_out[0] and clk_125 overrides a set_max_delay -datapath_only (position 397). It is not recommended to override a set_max_delay -datapath_only constraint. Replace the set_clock_groups or set_false_path between clocks with point-to-point set_false_path constraints
Related violations: <none>

TIMING-24#9 Warning
Overridden Max delay datapath only  
An asynchronous set_clock_groups or a set_false path (see constraint position 285 in the Timing Constraints window in Vivado IDE) between clocks clk_125 and txoutclk_out[0] overrides a set_max_delay -datapath_only (position 393). It is not recommended to override a set_max_delay -datapath_only constraint. Replace the set_clock_groups or set_false_path between clocks with point-to-point set_false_path constraints
Related violations: <none>

TIMING-24#10 Warning
Overridden Max delay datapath only  
An asynchronous set_clock_groups or a set_false path (see constraint position 285 in the Timing Constraints window in Vivado IDE) between clocks clk_125 and txoutclk_out[0] overrides a set_max_delay -datapath_only (position 399). It is not recommended to override a set_max_delay -datapath_only constraint. Replace the set_clock_groups or set_false_path between clocks with point-to-point set_false_path constraints
Related violations: <none>

TIMING-24#11 Warning
Overridden Max delay datapath only  
An asynchronous set_clock_groups or a set_false path (see constraint position 285 in the Timing Constraints window in Vivado IDE) between clocks txoutclk_out[0] and clk_125 overrides a set_max_delay -datapath_only (position 395). It is not recommended to override a set_max_delay -datapath_only constraint. Replace the set_clock_groups or set_false_path between clocks with point-to-point set_false_path constraints
Related violations: <none>

TIMING-24#12 Warning
Overridden Max delay datapath only  
An asynchronous set_clock_groups or a set_false path (see constraint position 285 in the Timing Constraints window in Vivado IDE) between clocks txoutclk_out[0] and clk_125 overrides a set_max_delay -datapath_only (position 397). It is not recommended to override a set_max_delay -datapath_only constraint. Replace the set_clock_groups or set_false_path between clocks with point-to-point set_false_path constraints
Related violations: <none>

XDCH-2#1 Warning
Same min and max delay values on IO port  
The same output delay of 3.000 ns has been defined on port 'rxUserClk_1' relative to clock gt_refclk for both max and min. Make sure this reflects the design intent.
set_output_delay -clock gt_refclk 3.000 [get_ports rxUserClk_*]
C:/Users/eorzes/cernbox/git/zynq_rec_fiber/src/xdc/m_top.xdc (Line: 138)
Related violations: <none>

XDCH-2#2 Warning
Same min and max delay values on IO port  
The same output delay of 3.000 ns has been defined on port 'rxUserClk_n' relative to clock gt_refclk for both max and min. Make sure this reflects the design intent.
set_output_delay -clock gt_refclk 3.000 [get_ports rxUserClk_*]
C:/Users/eorzes/cernbox/git/zynq_rec_fiber/src/xdc/m_top.xdc (Line: 138)
Related violations: <none>

XDCH-2#3 Warning
Same min and max delay values on IO port  
The same output delay of 3.000 ns has been defined on port 'rxUserClk_p' relative to clock gt_refclk for both max and min. Make sure this reflects the design intent.
set_output_delay -clock gt_refclk 3.000 [get_ports rxUserClk_*]
C:/Users/eorzes/cernbox/git/zynq_rec_fiber/src/xdc/m_top.xdc (Line: 138)
Related violations: <none>

XDCH-2#4 Warning
Same min and max delay values on IO port  
The same output delay of 3.000 ns has been defined on port 'rxrecclk_n' relative to clock gt_refclk for both max and min. Make sure this reflects the design intent.
set_output_delay -clock gt_refclk 3.000 [get_ports rxrecclk_*]
C:/Users/eorzes/cernbox/git/zynq_rec_fiber/src/xdc/m_top.xdc (Line: 139)
Related violations: <none>

XDCH-2#5 Warning
Same min and max delay values on IO port  
The same output delay of 3.000 ns has been defined on port 'rxrecclk_p' relative to clock gt_refclk for both max and min. Make sure this reflects the design intent.
set_output_delay -clock gt_refclk 3.000 [get_ports rxrecclk_*]
C:/Users/eorzes/cernbox/git/zynq_rec_fiber/src/xdc/m_top.xdc (Line: 139)
Related violations: <none>

CLKC-56#1 Advisory
MMCME4 with global clock driver has no LOC  
The MMCME4_ADV cell AXI_inst/system_ctrl_inst/udp_bridge_control/clk_pcs_pma_62_5_i/inst/mmcme4_adv_inst CLKIN1 or CLKIN2 pin is driven by global Clock buffer(s) sys_clk_inst/bufg_inst and does not have a LOC constraint. It is recommended to LOC the MMCM and use the CLOCK_DEDICATED_ROUTE constraint on the net(s) driven by the global Clock buffer(s).
Related violations: <none>

RTGT-1#1 Advisory
RAM retargeting possibility  
Identified 7 RAM64X1D primitives that could be retargeted to RAM64M8. Retargeting will save approximately 6 memory LUTs and improve routability. These can usually be achieved using synthesis inference or XPMs. The memories are AXI_inst/system_ctrl_inst/udp_bridge_control/mac_pcs_pma_i/MAC/U0/MAC_core/addr_filter_top/address_filter_inst/byte_wide_ram[0].header_field_dist_ram,
AXI_inst/system_ctrl_inst/udp_bridge_control/mac_pcs_pma_i/MAC/U0/MAC_core/addr_filter_top/address_filter_inst/byte_wide_ram[1].header_field_dist_ram,
AXI_inst/system_ctrl_inst/udp_bridge_control/mac_pcs_pma_i/MAC/U0/MAC_core/addr_filter_top/address_filter_inst/byte_wide_ram[2].header_field_dist_ram,
AXI_inst/system_ctrl_inst/udp_bridge_control/mac_pcs_pma_i/MAC/U0/MAC_core/addr_filter_top/address_filter_inst/byte_wide_ram[3].header_field_dist_ram,
AXI_inst/system_ctrl_inst/udp_bridge_control/mac_pcs_pma_i/MAC/U0/MAC_core/addr_filter_top/address_filter_inst/byte_wide_ram[4].header_field_dist_ram,
AXI_inst/system_ctrl_inst/udp_bridge_control/mac_pcs_pma_i/MAC/U0/MAC_core/addr_filter_top/address_filter_inst/byte_wide_ram[5].header_field_dist_ram
AXI_inst/system_ctrl_inst/udp_bridge_control/mac_pcs_pma_i/MAC/U0/MAC_core/addr_filter_top/address_filter_inst/byte_wide_ram[6].header_field_dist_ram
Related violations: <none>


